----> INFO: Loading analyzers from libFCCAnalyses...
----> INFO: Loading analysis file:
            /pool/condor/dir_3004979/templatesMC.py
----> INFO: Multithreading enabled. Running over 128 threads
----> INFO: Running over files provided in command line argument...
----> INFO: Creating dataframe object from files:
            - root://eospublic.cern.ch//eos/experiment/fcc/ee/generation/DelphesEvents/winter2023/IDEA/p8_ee_Ztautau_ecm91/events_000143148.root	
            - root://eospublic.cern.ch//eos/experiment/fcc/ee/generation/DelphesEvents/winter2023/IDEA/p8_ee_Ztautau_ecm91/events_000149335.root	
            - root://eospublic.cern.ch//eos/experiment/fcc/ee/generation/DelphesEvents/winter2023/IDEA/p8_ee_Ztautau_ecm91/events_000302188.root	
            - root://eospublic.cern.ch//eos/experiment/fcc/ee/generation/DelphesEvents/winter2023/IDEA/p8_ee_Ztautau_ecm91/events_000436491.root	
            - root://eospublic.cern.ch//eos/experiment/fcc/ee/generation/DelphesEvents/winter2023/IDEA/p8_ee_Ztautau_ecm91/events_000705878.root	
            - root://eospublic.cern.ch//eos/experiment/fcc/ee/generation/DelphesEvents/winter2023/IDEA/p8_ee_Ztautau_ecm91/events_000818249.root	
            - root://eospublic.cern.ch//eos/experiment/fcc/ee/generation/DelphesEvents/winter2023/IDEA/p8_ee_Ztautau_ecm91/events_000858512.root	
            - root://eospublic.cern.ch//eos/experiment/fcc/ee/generation/DelphesEvents/winter2023/IDEA/p8_ee_Ztautau_ecm91/events_001048812.root	
            - root://eospublic.cern.ch//eos/experiment/fcc/ee/generation/DelphesEvents/winter2023/IDEA/p8_ee_Ztautau_ecm91/events_001422495.root	
            - root://eospublic.cern.ch//eos/experiment/fcc/ee/generation/DelphesEvents/winter2023/IDEA/p8_ee_Ztautau_ecm91/events_001513079.root	

----> INFO: Number of local events: 1,000,000
----> WARNING: Provided output path is absolute, "outputDir" from analysis script will be ignored!
----> INFO: Output file path:
            /afs/cern.ch/user/s/scattola/FCCAnalyses/Ztautau/treemaker/MC/templates/p8_ee_Ztautau_ecm91.root
----> INFO: =================================== SUMMARY ====================================
            Elapsed time (H:M:S):    00:19:01
            Events processed/second: 875
            Total events processed:  1,000,000
            No. result events:       1,000,000
            Reduction factor local:  1.0
            ================================================================================

----> INFO: Loading analyzers from libFCCAnalyses...
----> INFO: Loading analysis file:
            /pool/condor/dir_3004979/analysisMC.py
----> INFO: Multithreading enabled. Running over 1 threads
----> INFO: Running over files provided in command line argument...
----> INFO: Creating dataframe object from files:
            - root://eospublic.cern.ch//eos/experiment/fcc/ee/generation/DelphesEvents/winter2023/IDEA/p8_ee_Ztautau_ecm91/events_001977576.root	
            - root://eospublic.cern.ch//eos/experiment/fcc/ee/generation/DelphesEvents/winter2023/IDEA/p8_ee_Ztautau_ecm91/events_002087779.root	
            - root://eospublic.cern.ch//eos/experiment/fcc/ee/generation/DelphesEvents/winter2023/IDEA/p8_ee_Ztautau_ecm91/events_002145500.root	
            - root://eospublic.cern.ch//eos/experiment/fcc/ee/generation/DelphesEvents/winter2023/IDEA/p8_ee_Ztautau_ecm91/events_002310115.root	
            - root://eospublic.cern.ch//eos/experiment/fcc/ee/generation/DelphesEvents/winter2023/IDEA/p8_ee_Ztautau_ecm91/events_002474453.root	
            - root://eospublic.cern.ch//eos/experiment/fcc/ee/generation/DelphesEvents/winter2023/IDEA/p8_ee_Ztautau_ecm91/events_002600645.root	
            - root://eospublic.cern.ch//eos/experiment/fcc/ee/generation/DelphesEvents/winter2023/IDEA/p8_ee_Ztautau_ecm91/events_002912243.root	
            - root://eospublic.cern.ch//eos/experiment/fcc/ee/generation/DelphesEvents/winter2023/IDEA/p8_ee_Ztautau_ecm91/events_003195252.root	
            - root://eospublic.cern.ch//eos/experiment/fcc/ee/generation/DelphesEvents/winter2023/IDEA/p8_ee_Ztautau_ecm91/events_003208683.root	
            - root://eospublic.cern.ch//eos/experiment/fcc/ee/generation/DelphesEvents/winter2023/IDEA/p8_ee_Ztautau_ecm91/events_003296487.root	
            - root://eospublic.cern.ch//eos/experiment/fcc/ee/generation/DelphesEvents/winter2023/IDEA/p8_ee_Ztautau_ecm91/events_003604878.root	
            - root://eospublic.cern.ch//eos/experiment/fcc/ee/generation/DelphesEvents/winter2023/IDEA/p8_ee_Ztautau_ecm91/events_003625215.root	
            - root://eospublic.cern.ch//eos/experiment/fcc/ee/generation/DelphesEvents/winter2023/IDEA/p8_ee_Ztautau_ecm91/events_003673558.root	
            - root://eospublic.cern.ch//eos/experiment/fcc/ee/generation/DelphesEvents/winter2023/IDEA/p8_ee_Ztautau_ecm91/events_004161082.root	
            - root://eospublic.cern.ch//eos/experiment/fcc/ee/generation/DelphesEvents/winter2023/IDEA/p8_ee_Ztautau_ecm91/events_004167492.root	
            - root://eospublic.cern.ch//eos/experiment/fcc/ee/generation/DelphesEvents/winter2023/IDEA/p8_ee_Ztautau_ecm91/events_004278484.root	
            - root://eospublic.cern.ch//eos/experiment/fcc/ee/generation/DelphesEvents/winter2023/IDEA/p8_ee_Ztautau_ecm91/events_004393106.root	
            - root://eospublic.cern.ch//eos/experiment/fcc/ee/generation/DelphesEvents/winter2023/IDEA/p8_ee_Ztautau_ecm91/events_004419858.root	
            - root://eospublic.cern.ch//eos/experiment/fcc/ee/generation/DelphesEvents/winter2023/IDEA/p8_ee_Ztautau_ecm91/events_004495983.root	
            - root://eospublic.cern.ch//eos/experiment/fcc/ee/generation/DelphesEvents/winter2023/IDEA/p8_ee_Ztautau_ecm91/events_004697112.root	
            - root://eospublic.cern.ch//eos/experiment/fcc/ee/generation/DelphesEvents/winter2023/IDEA/p8_ee_Ztautau_ecm91/events_004839082.root	
            - root://eospublic.cern.ch//eos/experiment/fcc/ee/generation/DelphesEvents/winter2023/IDEA/p8_ee_Ztautau_ecm91/events_004987034.root	
            - root://eospublic.cern.ch//eos/experiment/fcc/ee/generation/DelphesEvents/winter2023/IDEA/p8_ee_Ztautau_ecm91/events_005314140.root	
            - root://eospublic.cern.ch//eos/experiment/fcc/ee/generation/DelphesEvents/winter2023/IDEA/p8_ee_Ztautau_ecm91/events_005438434.root	
            - root://eospublic.cern.ch//eos/experiment/fcc/ee/generation/DelphesEvents/winter2023/IDEA/p8_ee_Ztautau_ecm91/events_005713622.root	
            - root://eospublic.cern.ch//eos/experiment/fcc/ee/generation/DelphesEvents/winter2023/IDEA/p8_ee_Ztautau_ecm91/events_006072859.root	
            - root://eospublic.cern.ch//eos/experiment/fcc/ee/generation/DelphesEvents/winter2023/IDEA/p8_ee_Ztautau_ecm91/events_006364260.root	
            - root://eospublic.cern.ch//eos/experiment/fcc/ee/generation/DelphesEvents/winter2023/IDEA/p8_ee_Ztautau_ecm91/events_006561104.root	
            - root://eospublic.cern.ch//eos/experiment/fcc/ee/generation/DelphesEvents/winter2023/IDEA/p8_ee_Ztautau_ecm91/events_006667445.root	
            - root://eospublic.cern.ch//eos/experiment/fcc/ee/generation/DelphesEvents/winter2023/IDEA/p8_ee_Ztautau_ecm91/events_007148517.root	

----> INFO: Number of local events: 3,000,000
----> WARNING: Provided output path is absolute, "outputDir" from analysis script will be ignored!
----> INFO: Output file path:
            /afs/cern.ch/user/s/scattola/FCCAnalyses/Ztautau/treemaker/MC/p8_ee_Ztautau_ecm91.root
----> INFO: =================================== SUMMARY ====================================
            Elapsed time (H:M:S):    00:10:12
            Events processed/second: 4,894
            Total events processed:  3,000,000
            No. result events:       3,000,000
            Reduction factor local:  1.0
            ================================================================================

